[CLI] Loading entry file: main.hike (Verbose Mode: ON)
[LOADER] Parsing file: M:\Home\src\golang\hikec-go\main.hike
[LEXER] [Line 3:1] Token: import     Literal: "import"
[PARSER] [Line 1:9] Declared package 'main'
[LEXER] [Line 3:8] Token: (          Literal: "("
[LEXER] [Line 4:2] Token: STRING     Literal: "std/fmt"
[LEXER] [Line 5:1] Token: )          Literal: ")"
[PARSER] [Line 4:2] Imported 'std/fmt'
[LEXER] [Line 7:1] Token: func       Literal: "func"
[LEXER] [Line 7:6] Token: IDENT      Literal: "malloc"
[LEXER] [Line 7:12] Token: (          Literal: "("
[PARSER] [Line 7:6] Parsing function: malloc
[LEXER] [Line 7:13] Token: IDENT      Literal: "size"
[LEXER] [Line 7:18] Token: IDENT      Literal: "int"
[LEXER] [Line 7:21] Token: )          Literal: ")"
[LEXER] [Line 7:23] Token: *          Literal: "*"
[LEXER] [Line 7:24] Token: IDENT      Literal: "byte"
[LEXER] [Line 9:1] Token: type       Literal: "type"
[LEXER] [Line 9:6] Token: IDENT      Literal: "SliceHeader"
[LEXER] [Line 9:18] Token: struct     Literal: "struct"
[LEXER] [Line 9:25] Token: {          Literal: "{"
[LEXER] [Line 10:2] Token: IDENT      Literal: "Data"
[LEXER] [Line 10:7] Token: *          Literal: "*"
[LEXER] [Line 10:8] Token: IDENT      Literal: "byte"
[LEXER] [Line 11:2] Token: IDENT      Literal: "Len"
[LEXER] [Line 11:7] Token: IDENT      Literal: "int"
[LEXER] [Line 12:2] Token: IDENT      Literal: "Cap"
[LEXER] [Line 12:7] Token: IDENT      Literal: "int"
[LEXER] [Line 13:1] Token: }          Literal: "}"
[LEXER] [Line 15:1] Token: func       Literal: "func"
[PARSER] [Line 13:1] Parsed type declaration: SliceHeader
[LEXER] [Line 15:6] Token: IDENT      Literal: "makeIntSlice"
[LEXER] [Line 15:18] Token: (          Literal: "("
[PARSER] [Line 15:6] Parsing function: makeIntSlice
[LEXER] [Line 15:19] Token: IDENT      Literal: "capacity"
[LEXER] [Line 15:28] Token: IDENT      Literal: "int"
[LEXER] [Line 15:31] Token: )          Literal: ")"
[LEXER] [Line 15:33] Token: [          Literal: "["
[LEXER] [Line 15:34] Token: ]          Literal: "]"
[LEXER] [Line 15:35] Token: IDENT      Literal: "int"
[LEXER] [Line 15:39] Token: {          Literal: "{"
[LEXER] [Line 16:2] Token: IDENT      Literal: "raw"
[LEXER] [Line 16:6] Token: :=         Literal: ":="
[LEXER] [Line 16:9] Token: IDENT      Literal: "malloc"
[LEXER] [Line 16:15] Token: (          Literal: "("
[LEXER] [Line 16:16] Token: IDENT      Literal: "capacity"
[LEXER] [Line 16:25] Token: *          Literal: "*"
[LEXER] [Line 16:27] Token: INT        Literal: "8"
[LEXER] [Line 16:28] Token: )          Literal: ")"
[LEXER] [Line 17:2] Token: IDENT      Literal: "header"
[LEXER] [Line 17:9] Token: :=         Literal: ":="
[LEXER] [Line 17:12] Token: (          Literal: "("
[LEXER] [Line 17:13] Token: *          Literal: "*"
[LEXER] [Line 17:14] Token: IDENT      Literal: "SliceHeader"
[LEXER] [Line 17:25] Token: )          Literal: ")"
[LEXER] [Line 17:26] Token: (          Literal: "("
[LEXER] [Line 17:27] Token: IDENT      Literal: "malloc"
[LEXER] [Line 17:33] Token: (          Literal: "("
[LEXER] [Line 17:34] Token: INT        Literal: "24"
[LEXER] [Line 17:36] Token: )          Literal: ")"
[LEXER] [Line 17:37] Token: )          Literal: ")"
[LEXER] [Line 18:2] Token: IDENT      Literal: "header"
[LEXER] [Line 18:8] Token: .          Literal: "."
[LEXER] [Line 18:9] Token: IDENT      Literal: "Data"
[LEXER] [Line 18:14] Token: =          Literal: "="
[LEXER] [Line 18:16] Token: IDENT      Literal: "raw"
[LEXER] [Line 19:2] Token: IDENT      Literal: "header"
[LEXER] [Line 19:8] Token: .          Literal: "."
[LEXER] [Line 19:9] Token: IDENT      Literal: "Len"
[LEXER] [Line 19:13] Token: =          Literal: "="
[LEXER] [Line 19:15] Token: IDENT      Literal: "capacity"
[LEXER] [Line 20:2] Token: IDENT      Literal: "header"
[LEXER] [Line 20:8] Token: .          Literal: "."
[LEXER] [Line 20:9] Token: IDENT      Literal: "Cap"
[LEXER] [Line 20:13] Token: =          Literal: "="
[LEXER] [Line 20:15] Token: IDENT      Literal: "capacity"
[LEXER] [Line 21:2] Token: return     Literal: "return"
[LEXER] [Line 21:9] Token: *          Literal: "*"
[LEXER] [Line 21:10] Token: (          Literal: "("
[LEXER] [Line 21:11] Token: *          Literal: "*"
[LEXER] [Line 21:12] Token: [          Literal: "["
[LEXER] [Line 21:13] Token: ]          Literal: "]"
[LEXER] [Line 21:14] Token: IDENT      Literal: "int"
[LEXER] [Line 21:17] Token: )          Literal: ")"
[LEXER] [Line 21:18] Token: (          Literal: "("
[LEXER] [Line 21:19] Token: (          Literal: "("
[LEXER] [Line 21:20] Token: *          Literal: "*"
[LEXER] [Line 21:21] Token: IDENT      Literal: "byte"
[LEXER] [Line 21:25] Token: )          Literal: ")"
[LEXER] [Line 21:26] Token: (          Literal: "("
[LEXER] [Line 21:27] Token: IDENT      Literal: "header"
[LEXER] [Line 21:33] Token: )          Literal: ")"
[LEXER] [Line 21:34] Token: )          Literal: ")"
[LEXER] [Line 22:1] Token: }          Literal: "}"
[LEXER] [Line 24:1] Token: func       Literal: "func"
[LEXER] [Line 24:6] Token: IDENT      Literal: "assert"
[LEXER] [Line 24:12] Token: (          Literal: "("
[PARSER] [Line 24:6] Parsing function: assert
[LEXER] [Line 24:13] Token: IDENT      Literal: "cond"
[LEXER] [Line 24:18] Token: IDENT      Literal: "bool"
[LEXER] [Line 24:22] Token: ,          Literal: ","
[LEXER] [Line 24:24] Token: IDENT      Literal: "testNum"
[LEXER] [Line 24:32] Token: IDENT      Literal: "int"
[LEXER] [Line 24:35] Token: ,          Literal: ","
[LEXER] [Line 24:37] Token: IDENT      Literal: "testName"
[LEXER] [Line 24:46] Token: *          Literal: "*"
[LEXER] [Line 24:47] Token: IDENT      Literal: "byte"
[LEXER] [Line 24:51] Token: )          Literal: ")"
[LEXER] [Line 24:53] Token: {          Literal: "{"
[LEXER] [Line 25:2] Token: if         Literal: "if"
[LEXER] [Line 25:5] Token: IDENT      Literal: "cond"
[LEXER] [Line 25:10] Token: {          Literal: "{"
[LEXER] [Line 26:3] Token: IDENT      Literal: "fmt"
[LEXER] [Line 26:6] Token: .          Literal: "."
[LEXER] [Line 26:7] Token: IDENT      Literal: "PrintStr"
[LEXER] [Line 26:15] Token: (          Literal: "("
[LEXER] [Line 26:16] Token: STRING     Literal: "[PASS #"
[LEXER] [Line 26:25] Token: )          Literal: ")"
[LEXER] [Line 27:3] Token: IDENT      Literal: "fmt"
[LEXER] [Line 27:6] Token: .          Literal: "."
[LEXER] [Line 27:7] Token: IDENT      Literal: "PrintInt"
[LEXER] [Line 27:15] Token: (          Literal: "("
[LEXER] [Line 27:16] Token: IDENT      Literal: "testNum"
[LEXER] [Line 27:23] Token: )          Literal: ")"
[LEXER] [Line 28:3] Token: IDENT      Literal: "fmt"
[LEXER] [Line 28:6] Token: .          Literal: "."
[LEXER] [Line 28:7] Token: IDENT      Literal: "PrintStr"
[LEXER] [Line 28:15] Token: (          Literal: "("
[LEXER] [Line 28:16] Token: STRING     Literal: "] "
[LEXER] [Line 28:20] Token: )          Literal: ")"
[LEXER] [Line 29:3] Token: IDENT      Literal: "fmt"
[LEXER] [Line 29:6] Token: .          Literal: "."
[LEXER] [Line 29:7] Token: IDENT      Literal: "PrintLn"
[LEXER] [Line 29:14] Token: (          Literal: "("
[LEXER] [Line 29:15] Token: IDENT      Literal: "testName"
[LEXER] [Line 29:23] Token: )          Literal: ")"
[LEXER] [Line 30:2] Token: }          Literal: "}"
[LEXER] [Line 30:4] Token: else       Literal: "else"
[LEXER] [Line 30:9] Token: {          Literal: "{"
[LEXER] [Line 31:3] Token: IDENT      Literal: "fmt"
[LEXER] [Line 31:6] Token: .          Literal: "."
[LEXER] [Line 31:7] Token: IDENT      Literal: "PrintStr"
[LEXER] [Line 31:15] Token: (          Literal: "("
[LEXER] [Line 31:16] Token: STRING     Literal: "[FAIL #"
[LEXER] [Line 31:25] Token: )          Literal: ")"
[LEXER] [Line 32:3] Token: IDENT      Literal: "fmt"
[LEXER] [Line 32:6] Token: .          Literal: "."
[LEXER] [Line 32:7] Token: IDENT      Literal: "PrintInt"
[LEXER] [Line 32:15] Token: (          Literal: "("
[LEXER] [Line 32:16] Token: IDENT      Literal: "testNum"
[LEXER] [Line 32:23] Token: )          Literal: ")"
[LEXER] [Line 33:3] Token: IDENT      Literal: "fmt"
[LEXER] [Line 33:6] Token: .          Literal: "."
[LEXER] [Line 33:7] Token: IDENT      Literal: "PrintStr"
[LEXER] [Line 33:15] Token: (          Literal: "("
[LEXER] [Line 33:16] Token: STRING     Literal: "] "
[LEXER] [Line 33:20] Token: )          Literal: ")"
[LEXER] [Line 34:3] Token: IDENT      Literal: "fmt"
[LEXER] [Line 34:6] Token: .          Literal: "."
[LEXER] [Line 34:7] Token: IDENT      Literal: "PrintLn"
[LEXER] [Line 34:14] Token: (          Literal: "("
[LEXER] [Line 34:15] Token: IDENT      Literal: "testName"
[LEXER] [Line 34:23] Token: )          Literal: ")"
[LEXER] [Line 35:2] Token: }          Literal: "}"
[LEXER] [Line 36:1] Token: }          Literal: "}"
[LEXER] [Line 38:1] Token: func       Literal: "func"
[LEXER] [Line 38:6] Token: IDENT      Literal: "main"
[LEXER] [Line 38:10] Token: (          Literal: "("
[PARSER] [Line 38:6] Parsing function: main
[LEXER] [Line 38:11] Token: )          Literal: ")"
[LEXER] [Line 38:13] Token: IDENT      Literal: "int"
[LEXER] [Line 38:17] Token: {          Literal: "{"
[LEXER] [Line 39:2] Token: IDENT      Literal: "fmt"
[LEXER] [Line 39:5] Token: .          Literal: "."
[LEXER] [Line 39:6] Token: IDENT      Literal: "PrintLn"
[LEXER] [Line 39:13] Token: (          Literal: "("
[LEXER] [Line 39:14] Token: STRING     Literal: "=== Running Slice Runtime & Execution Tests ==="
[LEXER] [Line 39:63] Token: )          Literal: ")"
[LEXER] [Line 41:2] Token: IDENT      Literal: "testCount"
[LEXER] [Line 41:12] Token: :=         Literal: ":="
[LEXER] [Line 41:15] Token: INT        Literal: "0"
[LEXER] [Line 44:2] Token: IDENT      Literal: "s"
[LEXER] [Line 44:4] Token: :=         Literal: ":="
[LEXER] [Line 44:7] Token: IDENT      Literal: "makeIntSlice"
[LEXER] [Line 44:19] Token: (          Literal: "("
[LEXER] [Line 44:20] Token: INT        Literal: "5"
[LEXER] [Line 44:21] Token: )          Literal: ")"
[LEXER] [Line 47:2] Token: IDENT      Literal: "testCount"
[LEXER] [Line 47:12] Token: =          Literal: "="
[LEXER] [Line 47:14] Token: IDENT      Literal: "testCount"
[LEXER] [Line 47:24] Token: +          Literal: "+"
[LEXER] [Line 47:26] Token: INT        Literal: "1"
[LEXER] [Line 48:2] Token: IDENT      Literal: "assert"
[LEXER] [Line 48:8] Token: (          Literal: "("
[LEXER] [Line 48:9] Token: IDENT      Literal: "len"
[LEXER] [Line 48:12] Token: (          Literal: "("
[LEXER] [Line 48:13] Token: IDENT      Literal: "s"
[LEXER] [Line 48:14] Token: )          Literal: ")"
[LEXER] [Line 48:16] Token: ==         Literal: "=="
[LEXER] [Line 48:19] Token: INT        Literal: "5"
[LEXER] [Line 48:21] Token: &&         Literal: "&&"
[LEXER] [Line 48:24] Token: IDENT      Literal: "cap"
[LEXER] [Line 48:27] Token: (          Literal: "("
[LEXER] [Line 48:28] Token: IDENT      Literal: "s"
[LEXER] [Line 48:29] Token: )          Literal: ")"
[LEXER] [Line 48:31] Token: ==         Literal: "=="
[LEXER] [Line 48:34] Token: INT        Literal: "5"
[LEXER] [Line 48:35] Token: ,          Literal: ","
[LEXER] [Line 48:37] Token: IDENT      Literal: "testCount"
[LEXER] [Line 48:46] Token: ,          Literal: ","
[LEXER] [Line 48:48] Token: STRING     Literal: "Slice: initial len and cap match 5"
[LEXER] [Line 48:84] Token: )          Literal: ")"
[LEXER] [Line 51:2] Token: IDENT      Literal: "s"
[LEXER] [Line 51:3] Token: [          Literal: "["
[LEXER] [Line 51:4] Token: INT        Literal: "0"
[LEXER] [Line 51:5] Token: ]          Literal: "]"
[LEXER] [Line 51:7] Token: =          Literal: "="
[LEXER] [Line 51:9] Token: INT        Literal: "10"
[LEXER] [Line 52:2] Token: IDENT      Literal: "s"
[LEXER] [Line 52:3] Token: [          Literal: "["
[LEXER] [Line 52:4] Token: INT        Literal: "1"
[LEXER] [Line 52:5] Token: ]          Literal: "]"
[LEXER] [Line 52:7] Token: =          Literal: "="
[LEXER] [Line 52:9] Token: INT        Literal: "20"
[LEXER] [Line 53:2] Token: IDENT      Literal: "s"
[LEXER] [Line 53:3] Token: [          Literal: "["
[LEXER] [Line 53:4] Token: INT        Literal: "2"
[LEXER] [Line 53:5] Token: ]          Literal: "]"
[LEXER] [Line 53:7] Token: =          Literal: "="
[LEXER] [Line 53:9] Token: INT        Literal: "30"
[LEXER] [Line 54:2] Token: IDENT      Literal: "s"
[LEXER] [Line 54:3] Token: [          Literal: "["
[LEXER] [Line 54:4] Token: INT        Literal: "3"
[LEXER] [Line 54:5] Token: ]          Literal: "]"
[LEXER] [Line 54:7] Token: =          Literal: "="
[LEXER] [Line 54:9] Token: INT        Literal: "40"
[LEXER] [Line 55:2] Token: IDENT      Literal: "s"
[LEXER] [Line 55:3] Token: [          Literal: "["
[LEXER] [Line 55:4] Token: INT        Literal: "4"
[LEXER] [Line 55:5] Token: ]          Literal: "]"
[LEXER] [Line 55:7] Token: =          Literal: "="
[LEXER] [Line 55:9] Token: INT        Literal: "50"
[LEXER] [Line 58:2] Token: IDENT      Literal: "testCount"
[LEXER] [Line 58:12] Token: =          Literal: "="
[LEXER] [Line 58:14] Token: IDENT      Literal: "testCount"
[LEXER] [Line 58:24] Token: +          Literal: "+"
[LEXER] [Line 58:26] Token: INT        Literal: "1"
[LEXER] [Line 59:2] Token: IDENT      Literal: "assert"
[LEXER] [Line 59:8] Token: (          Literal: "("
[LEXER] [Line 59:9] Token: IDENT      Literal: "s"
[LEXER] [Line 59:10] Token: [          Literal: "["
[LEXER] [Line 59:11] Token: INT        Literal: "0"
[LEXER] [Line 59:12] Token: ]          Literal: "]"
[LEXER] [Line 59:14] Token: ==         Literal: "=="
[LEXER] [Line 59:17] Token: INT        Literal: "10"
[LEXER] [Line 59:20] Token: &&         Literal: "&&"
[LEXER] [Line 59:23] Token: IDENT      Literal: "s"
[LEXER] [Line 59:24] Token: [          Literal: "["
[LEXER] [Line 59:25] Token: INT        Literal: "2"
[LEXER] [Line 59:26] Token: ]          Literal: "]"
[LEXER] [Line 59:28] Token: ==         Literal: "=="
[LEXER] [Line 59:31] Token: INT        Literal: "30"
[LEXER] [Line 59:34] Token: &&         Literal: "&&"
[LEXER] [Line 59:37] Token: IDENT      Literal: "s"
[LEXER] [Line 59:38] Token: [          Literal: "["
[LEXER] [Line 59:39] Token: INT        Literal: "4"
[LEXER] [Line 59:40] Token: ]          Literal: "]"
[LEXER] [Line 59:42] Token: ==         Literal: "=="
[LEXER] [Line 59:45] Token: INT        Literal: "50"
[LEXER] [Line 59:47] Token: ,          Literal: ","
[LEXER] [Line 59:49] Token: IDENT      Literal: "testCount"
[LEXER] [Line 59:58] Token: ,          Literal: ","
[LEXER] [Line 59:60] Token: STRING     Literal: "Slice: read and write element values"
[LEXER] [Line 59:98] Token: )          Literal: ")"
[LEXER] [Line 62:2] Token: IDENT      Literal: "sub"
[LEXER] [Line 62:6] Token: :=         Literal: ":="
[LEXER] [Line 62:9] Token: IDENT      Literal: "s"
[LEXER] [Line 62:10] Token: [          Literal: "["
[LEXER] [Line 62:11] Token: INT        Literal: "1"
[LEXER] [Line 62:12] Token: :          Literal: ":"
[LEXER] [Line 62:13] Token: INT        Literal: "4"
[LEXER] [Line 62:14] Token: ]          Literal: "]"
[LEXER] [Line 65:2] Token: IDENT      Literal: "testCount"
[LEXER] [Line 65:12] Token: =          Literal: "="
[LEXER] [Line 65:14] Token: IDENT      Literal: "testCount"
[LEXER] [Line 65:24] Token: +          Literal: "+"
[LEXER] [Line 65:26] Token: INT        Literal: "1"
[LEXER] [Line 66:2] Token: IDENT      Literal: "assert"
[LEXER] [Line 66:8] Token: (          Literal: "("
[LEXER] [Line 66:9] Token: IDENT      Literal: "len"
[LEXER] [Line 66:12] Token: (          Literal: "("
[LEXER] [Line 66:13] Token: IDENT      Literal: "sub"
[LEXER] [Line 66:16] Token: )          Literal: ")"
[LEXER] [Line 66:18] Token: ==         Literal: "=="
[LEXER] [Line 66:21] Token: INT        Literal: "3"
[LEXER] [Line 66:23] Token: &&         Literal: "&&"
[LEXER] [Line 66:26] Token: IDENT      Literal: "cap"
[LEXER] [Line 66:29] Token: (          Literal: "("
[LEXER] [Line 66:30] Token: IDENT      Literal: "sub"
[LEXER] [Line 66:33] Token: )          Literal: ")"
[LEXER] [Line 66:35] Token: ==         Literal: "=="
[LEXER] [Line 66:38] Token: INT        Literal: "4"
[LEXER] [Line 66:39] Token: ,          Literal: ","
[LEXER] [Line 66:41] Token: IDENT      Literal: "testCount"
[LEXER] [Line 66:50] Token: ,          Literal: ","
[LEXER] [Line 66:52] Token: STRING     Literal: "Slice: sub-slice [1:4] has len=3 and cap=4"
[LEXER] [Line 66:96] Token: )          Literal: ")"
[LEXER] [Line 69:2] Token: IDENT      Literal: "testCount"
[LEXER] [Line 69:12] Token: =          Literal: "="
[LEXER] [Line 69:14] Token: IDENT      Literal: "testCount"
[LEXER] [Line 69:24] Token: +          Literal: "+"
[LEXER] [Line 69:26] Token: INT        Literal: "1"
[LEXER] [Line 70:2] Token: IDENT      Literal: "assert"
[LEXER] [Line 70:8] Token: (          Literal: "("
[LEXER] [Line 70:9] Token: IDENT      Literal: "sub"
[LEXER] [Line 70:12] Token: [          Literal: "["
[LEXER] [Line 70:13] Token: INT        Literal: "0"
[LEXER] [Line 70:14] Token: ]          Literal: "]"
[LEXER] [Line 70:16] Token: ==         Literal: "=="
[LEXER] [Line 70:19] Token: INT        Literal: "20"
[LEXER] [Line 70:22] Token: &&         Literal: "&&"
[LEXER] [Line 70:25] Token: IDENT      Literal: "sub"
[LEXER] [Line 70:28] Token: [          Literal: "["
[LEXER] [Line 70:29] Token: INT        Literal: "1"
[LEXER] [Line 70:30] Token: ]          Literal: "]"
[LEXER] [Line 70:32] Token: ==         Literal: "=="
[LEXER] [Line 70:35] Token: INT        Literal: "30"
[LEXER] [Line 70:38] Token: &&         Literal: "&&"
[LEXER] [Line 70:41] Token: IDENT      Literal: "sub"
[LEXER] [Line 70:44] Token: [          Literal: "["
[LEXER] [Line 70:45] Token: INT        Literal: "2"
[LEXER] [Line 70:46] Token: ]          Literal: "]"
[LEXER] [Line 70:48] Token: ==         Literal: "=="
[LEXER] [Line 70:51] Token: INT        Literal: "40"
[LEXER] [Line 70:53] Token: ,          Literal: ","
[LEXER] [Line 70:55] Token: IDENT      Literal: "testCount"
[LEXER] [Line 70:64] Token: ,          Literal: ","
[LEXER] [Line 70:66] Token: STRING     Literal: "Slice: sub-slice elements match original data"
[LEXER] [Line 70:113] Token: )          Literal: ")"
[LEXER] [Line 73:2] Token: IDENT      Literal: "head"
[LEXER] [Line 73:7] Token: :=         Literal: ":="
[LEXER] [Line 73:10] Token: IDENT      Literal: "s"
[LEXER] [Line 73:11] Token: [          Literal: "["
[LEXER] [Line 73:12] Token: :          Literal: ":"
[LEXER] [Line 73:13] Token: INT        Literal: "3"
[LEXER] [Line 73:14] Token: ]          Literal: "]"
[LEXER] [Line 76:2] Token: IDENT      Literal: "testCount"
[LEXER] [Line 76:12] Token: =          Literal: "="
[LEXER] [Line 76:14] Token: IDENT      Literal: "testCount"
[LEXER] [Line 76:24] Token: +          Literal: "+"
[LEXER] [Line 76:26] Token: INT        Literal: "1"
[LEXER] [Line 77:2] Token: IDENT      Literal: "assert"
[LEXER] [Line 77:8] Token: (          Literal: "("
[LEXER] [Line 77:9] Token: IDENT      Literal: "len"
[LEXER] [Line 77:12] Token: (          Literal: "("
[LEXER] [Line 77:13] Token: IDENT      Literal: "head"
[LEXER] [Line 77:17] Token: )          Literal: ")"
[LEXER] [Line 77:19] Token: ==         Literal: "=="
[LEXER] [Line 77:22] Token: INT        Literal: "3"
[LEXER] [Line 77:24] Token: &&         Literal: "&&"
[LEXER] [Line 77:27] Token: IDENT      Literal: "head"
[LEXER] [Line 77:31] Token: [          Literal: "["
[LEXER] [Line 77:32] Token: INT        Literal: "2"
[LEXER] [Line 77:33] Token: ]          Literal: "]"
[LEXER] [Line 77:35] Token: ==         Literal: "=="
[LEXER] [Line 77:38] Token: INT        Literal: "30"
[LEXER] [Line 77:40] Token: ,          Literal: ","
[LEXER] [Line 77:42] Token: IDENT      Literal: "testCount"
[LEXER] [Line 77:51] Token: ,          Literal: ","
[LEXER] [Line 77:53] Token: STRING     Literal: "Slice: head slice [:3] len=3, head[2]=30"
[LEXER] [Line 77:95] Token: )          Literal: ")"
[LEXER] [Line 80:2] Token: IDENT      Literal: "tail"
[LEXER] [Line 80:7] Token: :=         Literal: ":="
[LEXER] [Line 80:10] Token: IDENT      Literal: "s"
[LEXER] [Line 80:11] Token: [          Literal: "["
[LEXER] [Line 80:12] Token: INT        Literal: "2"
[LEXER] [Line 80:13] Token: :          Literal: ":"
[LEXER] [Line 80:14] Token: ]          Literal: "]"
[LEXER] [Line 83:2] Token: IDENT      Literal: "testCount"
[LEXER] [Line 83:12] Token: =          Literal: "="
[LEXER] [Line 83:14] Token: IDENT      Literal: "testCount"
[LEXER] [Line 83:24] Token: +          Literal: "+"
[LEXER] [Line 83:26] Token: INT        Literal: "1"
[LEXER] [Line 84:2] Token: IDENT      Literal: "assert"
[LEXER] [Line 84:8] Token: (          Literal: "("
[LEXER] [Line 84:9] Token: IDENT      Literal: "len"
[LEXER] [Line 84:12] Token: (          Literal: "("
[LEXER] [Line 84:13] Token: IDENT      Literal: "tail"
[LEXER] [Line 84:17] Token: )          Literal: ")"
[LEXER] [Line 84:19] Token: ==         Literal: "=="
[LEXER] [Line 84:22] Token: INT        Literal: "3"
[LEXER] [Line 84:24] Token: &&         Literal: "&&"
[LEXER] [Line 84:27] Token: IDENT      Literal: "tail"
[LEXER] [Line 84:31] Token: [          Literal: "["
[LEXER] [Line 84:32] Token: INT        Literal: "0"
[LEXER] [Line 84:33] Token: ]          Literal: "]"
[LEXER] [Line 84:35] Token: ==         Literal: "=="
[LEXER] [Line 84:38] Token: INT        Literal: "30"
[LEXER] [Line 84:41] Token: &&         Literal: "&&"
[LEXER] [Line 84:44] Token: IDENT      Literal: "tail"
[LEXER] [Line 84:48] Token: [          Literal: "["
[LEXER] [Line 84:49] Token: INT        Literal: "2"
[LEXER] [Line 84:50] Token: ]          Literal: "]"
[LEXER] [Line 84:52] Token: ==         Literal: "=="
[LEXER] [Line 84:55] Token: INT        Literal: "50"
[LEXER] [Line 84:57] Token: ,          Literal: ","
[LEXER] [Line 84:59] Token: IDENT      Literal: "testCount"
[LEXER] [Line 84:68] Token: ,          Literal: ","
[LEXER] [Line 84:70] Token: STRING     Literal: "Slice: tail slice [2:] elements match"
[LEXER] [Line 84:109] Token: )          Literal: ")"
[LEXER] [Line 87:2] Token: IDENT      Literal: "sub"
[LEXER] [Line 87:5] Token: [          Literal: "["
[LEXER] [Line 87:6] Token: INT        Literal: "0"
[LEXER] [Line 87:7] Token: ]          Literal: "]"
[LEXER] [Line 87:9] Token: =          Literal: "="
[LEXER] [Line 87:11] Token: INT        Literal: "999"
[LEXER] [Line 90:2] Token: IDENT      Literal: "testCount"
[LEXER] [Line 90:12] Token: =          Literal: "="
[LEXER] [Line 90:14] Token: IDENT      Literal: "testCount"
[LEXER] [Line 90:24] Token: +          Literal: "+"
[LEXER] [Line 90:26] Token: INT        Literal: "1"
[LEXER] [Line 91:2] Token: IDENT      Literal: "assert"
[LEXER] [Line 91:8] Token: (          Literal: "("
[LEXER] [Line 91:9] Token: IDENT      Literal: "s"
[LEXER] [Line 91:10] Token: [          Literal: "["
[LEXER] [Line 91:11] Token: INT        Literal: "1"
[LEXER] [Line 91:12] Token: ]          Literal: "]"
[LEXER] [Line 91:14] Token: ==         Literal: "=="
[LEXER] [Line 91:17] Token: INT        Literal: "999"
[LEXER] [Line 91:21] Token: &&         Literal: "&&"
[LEXER] [Line 91:24] Token: IDENT      Literal: "head"
[LEXER] [Line 91:28] Token: [          Literal: "["
[LEXER] [Line 91:29] Token: INT        Literal: "1"
[LEXER] [Line 91:30] Token: ]          Literal: "]"
[LEXER] [Line 91:32] Token: ==         Literal: "=="
[LEXER] [Line 91:35] Token: INT        Literal: "999"
[LEXER] [Line 91:38] Token: ,          Literal: ","
[LEXER] [Line 91:40] Token: IDENT      Literal: "testCount"
[LEXER] [Line 91:49] Token: ,          Literal: ","
[LEXER] [Line 91:51] Token: STRING     Literal: "Slice: mutation via slice affects shared backing array"
[LEXER] [Line 91:107] Token: )          Literal: ")"
[LEXER] [Line 93:2] Token: IDENT      Literal: "fmt"
[LEXER] [Line 93:5] Token: .          Literal: "."
[LEXER] [Line 93:6] Token: IDENT      Literal: "PrintLn"
[LEXER] [Line 93:13] Token: (          Literal: "("
[LEXER] [Line 93:14] Token: STRING     Literal: "=== Slice Runtime Tests Completed ==="
[LEXER] [Line 93:53] Token: )          Literal: ")"
[LEXER] [Line 94:2] Token: return     Literal: "return"
[LEXER] [Line 94:9] Token: IDENT      Literal: "testCount"
[LEXER] [Line 95:1] Token: }          Literal: "}"
[LEXER] [Line 96:1] Token: EOF        Literal: ""
[LEXER] [Line 96:1] Token: EOF        Literal: ""
Loader error: parse error in M:\Home\src\golang\hikec-go\main.hike: expected next token to be ), got IDENT instead
exit status 1
