Hello Hike Standard Library!